22:48:55 **** Incremental Build of configuration Debug for project sumo_robot_CE103 ****
make -j12 all 
arm-none-eabi-gcc "../Core/Src/main.c" -mcpu=cortex-m4 -std=gnu11 -g3 -DDEBUG -DUSE_HAL_DRIVER -DSTM32F411xE -c -I../Core/Inc -I../Drivers/STM32F4xx_HAL_Driver/Inc -I../Drivers/STM32F4xx_HAL_Driver/Inc/Legacy -I../Drivers/CMSIS/Device/ST/STM32F4xx/Include -I../Drivers/CMSIS/Include -I"D:/stm32_workspace/sumo_robot_CE103/Hardware" -I"D:/stm32_workspace/sumo_robot_CE103/Hardware/TCRT5000" -I"D:/stm32_workspace/sumo_robot_CE103/Hardware/Motor" -I"D:/stm32_workspace/sumo_robot_CE103/Hardware/E3F" -O0 -ffunction-sections -fdata-sections -Wall -fstack-usage -fcyclomatic-complexity -MMD -MP -MF"Core/Src/main.d" -MT"Core/Src/main.o" --specs=nano.specs -mfpu=fpv4-sp-d16 -mfloat-abi=hard -mthumb -o "Core/Src/main.o"
arm-none-eabi-gcc -o "sumo_robot_CE103.elf" @"objects.list"   -mcpu=cortex-m4 -T"D:\stm32_workspace\sumo_robot_CE103\STM32F411CEUX_FLASH.ld" --specs=nosys.specs -Wl,-Map="sumo_robot_CE103.map" -Wl,--gc-sections -static --specs=nano.specs -mfpu=fpv4-sp-d16 -mfloat-abi=hard -mthumb -Wl,--start-group -lc -lm -Wl,--end-group
Finished building target: sumo_robot_CE103.elf
 
arm-none-eabi-size  sumo_robot_CE103.elf 
arm-none-eabi-objdump -h -S sumo_robot_CE103.elf  > "sumo_robot_CE103.list"
   text	   data	    bss	    dec	    hex	filename
  18544	    144	   2200	  20888	   5198	sumo_robot_CE103.elf
Finished building: default.size.stdout
 
Finished building: sumo_robot_CE103.list
 

22:49:00 Build Finished. 0 errors, 0 warnings. (took 4s.905ms)

